LED_BLINKY.c:9:6:Exercise1	8	static
LED_BLINKY.c:14:6:Exercise2	8	static
LED_BLINKY.c:25:6:Exercise3	8	static
LED_BLINKY.c:43:6:Display7Seg	16	static
LED_BLINKY.c:135:5:Exercise4	16	static
LED_BLINKY.c:144:6:Display7Seg2	16	static
LED_BLINKY.c:236:6:LEDREDX	16	static
LED_BLINKY.c:271:6:LEDGREENX	16	static
LED_BLINKY.c:293:6:LEDYELLOWX	16	static
LED_BLINKY.c:311:6:Exercise5	8	static
LED_BLINKY.c:316:6:Clock	16	static
LED_BLINKY.c:354:5:Exercise6	16	static
LED_BLINKY.c:363:6:TurnOnAllLed	8	static
LED_BLINKY.c:377:6:clearAllClock	8	static
LED_BLINKY.c:391:6:Exercise7	8	static
LED_BLINKY.c:397:6:setNumberOnClock	16	static
LED_BLINKY.c:435:5:Exercise8	16	static
LED_BLINKY.c:442:6:clearNumberOnClock	16	static
LED_BLINKY.c:480:5:Exercise9	16	static
LED_BLINKY.c:487:6:Exercise10	16	static
